{
  "version": "1.5.0",
  "plugins_used": [
    {
      "name": "ArtifactoryDetector"
    },
    {
      "name": "AWSKeyDetector"
    },
    {
      "name": "AzureStorageKeyDetector"
    },
    {
      "name": "Base64HighEntropyString",
      "limit": 4.5
    },
    {
      "name": "BasicAuthDetector"
    },
    {
      "name": "CloudantDetector"
    },
    {
      "name": "DiscordBotTokenDetector"
    },
    {
      "name": "GitHubTokenDetector"
    },
    {
      "name": "GitLabTokenDetector"
    },
    {
      "name": "HexHighEntropyString",
      "limit": 3.0
    },
    {
      "name": "IbmCloudIamDetector"
    },
    {
      "name": "IbmCosHmacDetector"
    },
    {
      "name": "IPPublicDetector"
    },
    {
      "name": "JwtTokenDetector"
    },
    {
      "name": "KeywordDetector",
      "keyword_exclude": ""
    },
    {
      "name": "MailchimpDetector"
    },
    {
      "name": "NpmDetector"
    },
    {
      "name": "OpenAIDetector"
    },
    {
      "name": "PrivateKeyDetector"
    },
    {
      "name": "PypiTokenDetector"
    },
    {
      "name": "SendGridDetector"
    },
    {
      "name": "SlackDetector"
    },
    {
      "name": "SoftlayerDetector"
    },
    {
      "name": "SquareOAuthDetector"
    },
    {
      "name": "StripeDetector"
    },
    {
      "name": "TelegramBotTokenDetector"
    },
    {
      "name": "TwilioKeyDetector"
    }
  ],
  "filters_used": [
    {
      "path": "detect_secrets.filters.allowlist.is_line_allowlisted"
    },
    {
      "path": "detect_secrets.filters.common.is_baseline_file",
      "filename": ".secrets.baseline"
    },
    {
      "path": "detect_secrets.filters.common.is_ignored_due_to_verification_policies",
      "min_level": 2
    },
    {
      "path": "detect_secrets.filters.heuristic.is_indirect_reference"
    },
    {
      "path": "detect_secrets.filters.heuristic.is_likely_id_string"
    },
    {
      "path": "detect_secrets.filters.heuristic.is_lock_file"
    },
    {
      "path": "detect_secrets.filters.heuristic.is_not_alphanumeric_string"
    },
    {
      "path": "detect_secrets.filters.heuristic.is_potential_uuid"
    },
    {
      "path": "detect_secrets.filters.heuristic.is_prefixed_with_dollar_sign"
    },
    {
      "path": "detect_secrets.filters.heuristic.is_sequential_string"
    },
    {
      "path": "detect_secrets.filters.heuristic.is_swagger_file"
    },
    {
      "path": "detect_secrets.filters.heuristic.is_templated_secret"
    }
  ],
  "results": {
    "forge/security/csp.py": [
      {
        "type": "Base64 High Entropy String",
        "filename": "forge/security/csp.py",
        "hashed_secret": "80a06b493dc2402265b8bde713d81d36ce4d03cf",
        "is_verified": false,
        "line_number": 9
      },
      {
        "type": "Base64 High Entropy String",
        "filename": "forge/security/csp.py",
        "hashed_secret": "4ee8f365d21a35b042155624fe75c9ba2c9af819",
        "is_verified": false,
        "line_number": 11
      }
    ],
    "tests/conftest.py": [
      {
        "type": "Secret Keyword",
        "filename": "tests/conftest.py",
        "hashed_secret": "0b00bec50ee99d66956c2f8227108b73aa8bf9f5",
        "is_verified": false,
        "line_number": 65
      }
    ],
    "tests/test_api.py": [
      {
        "type": "Secret Keyword",
        "filename": "tests/test_api.py",
        "hashed_secret": "0b00bec50ee99d66956c2f8227108b73aa8bf9f5",
        "is_verified": false,
        "line_number": 31
      },
      {
        "type": "Secret Keyword",
        "filename": "tests/test_api.py",
        "hashed_secret": "0f591d4e8869ee445010c13ca735bbb6ce1f336e",
        "is_verified": false,
        "line_number": 42
      }
    ],
    "tests/test_authorization.py": [
      {
        "type": "Secret Keyword",
        "filename": "tests/test_authorization.py",
        "hashed_secret": "0b00bec50ee99d66956c2f8227108b73aa8bf9f5",
        "is_verified": false,
        "line_number": 15
      }
    ],
    "tests/test_catalog.py": [
      {
        "type": "Base64 High Entropy String",
        "filename": "tests/test_catalog.py",
        "hashed_secret": "4702220fec9261c7d9b0c427aceeca118b66c702",
        "is_verified": false,
        "line_number": 18
      }
    ],
    "tests/test_csrf_security.py": [
      {
        "type": "Secret Keyword",
        "filename": "tests/test_csrf_security.py",
        "hashed_secret": "0b00bec50ee99d66956c2f8227108b73aa8bf9f5",
        "is_verified": false,
        "line_number": 30
      },
      {
        "type": "Secret Keyword",
        "filename": "tests/test_csrf_security.py",
        "hashed_secret": "a4b48a81cdab1e1a5dd37907d6c85ca1c61ddc7c",
        "is_verified": false,
        "line_number": 128
      }
    ],
    "tests/test_db_crypto.py": [
      {
        "type": "Secret Keyword",
        "filename": "tests/test_db_crypto.py",
        "hashed_secret": "13951588fd3325e25ed1e3b116d7009fb221c85e",
        "is_verified": false,
        "line_number": 36
      }
    ],
    "tests/test_dep_locks.py": [
      {
        "type": "Hex High Entropy String",
        "filename": "tests/test_dep_locks.py",
        "hashed_secret": "ed83a2d9a1e9d0d8f9b9742128d8aa4ca068903b",
        "is_verified": false,
        "line_number": 73
      }
    ],
    "tests/test_providers.py": [
      {
        "type": "Secret Keyword",
        "filename": "tests/test_providers.py",
        "hashed_secret": "0b00bec50ee99d66956c2f8227108b73aa8bf9f5",
        "is_verified": false,
        "line_number": 18
      },
      {
        "type": "Secret Keyword",
        "filename": "tests/test_providers.py",
        "hashed_secret": "e9a5f12a8ecbb3eb46eca5096b5c52aa5e7c9fdd",
        "is_verified": false,
        "line_number": 46
      }
    ],
    "tests/test_redteam_fixes.py": [
      {
        "type": "Secret Keyword",
        "filename": "tests/test_redteam_fixes.py",
        "hashed_secret": "0b00bec50ee99d66956c2f8227108b73aa8bf9f5",
        "is_verified": false,
        "line_number": 590
      },
      {
        "type": "Secret Keyword",
        "filename": "tests/test_redteam_fixes.py",
        "hashed_secret": "0f591d4e8869ee445010c13ca735bbb6ce1f336e",
        "is_verified": false,
        "line_number": 592
      },
      {
        "type": "Basic Auth Credentials",
        "filename": "tests/test_redteam_fixes.py",
        "hashed_secret": "9d4e1e23bd5b727046a9e3b4b7db57bd8d6ee684",
        "is_verified": false,
        "line_number": 659
      }
    ]
  },
  "generated_at": "2026-06-21T01:06:11Z"
}
