{
  "version": "1.5.0",
  "plugins_used": [
    {
      "name": "ArtifactoryDetector"
    },
    {
      "name": "AWSKeyDetector"
    },
    {
      "name": "AzureStorageKeyDetector"
    },
    {
      "name": "Base64HighEntropyString",
      "limit": 4.5
    },
    {
      "name": "BasicAuthDetector"
    },
    {
      "name": "CloudantDetector"
    },
    {
      "name": "DiscordBotTokenDetector"
    },
    {
      "name": "GitHubTokenDetector"
    },
    {
      "name": "GitLabTokenDetector"
    },
    {
      "name": "HexHighEntropyString",
      "limit": 3.0
    },
    {
      "name": "IbmCloudIamDetector"
    },
    {
      "name": "IbmCosHmacDetector"
    },
    {
      "name": "IPPublicDetector"
    },
    {
      "name": "JwtTokenDetector"
    },
    {
      "name": "KeywordDetector",
      "keyword_exclude": ""
    },
    {
      "name": "MailchimpDetector"
    },
    {
      "name": "NpmDetector"
    },
    {
      "name": "OpenAIDetector"
    },
    {
      "name": "PrivateKeyDetector"
    },
    {
      "name": "PypiTokenDetector"
    },
    {
      "name": "SendGridDetector"
    },
    {
      "name": "SlackDetector"
    },
    {
      "name": "SoftlayerDetector"
    },
    {
      "name": "SquareOAuthDetector"
    },
    {
      "name": "StripeDetector"
    },
    {
      "name": "TelegramBotTokenDetector"
    },
    {
      "name": "TwilioKeyDetector"
    }
  ],
  "filters_used": [
    {
      "path": "detect_secrets.filters.allowlist.is_line_allowlisted"
    },
    {
      "path": "detect_secrets.filters.common.is_baseline_file",
      "filename": ".secrets.baseline"
    },
    {
      "path": "detect_secrets.filters.common.is_ignored_due_to_verification_policies",
      "min_level": 2
    },
    {
      "path": "detect_secrets.filters.heuristic.is_indirect_reference"
    },
    {
      "path": "detect_secrets.filters.heuristic.is_likely_id_string"
    },
    {
      "path": "detect_secrets.filters.heuristic.is_lock_file"
    },
    {
      "path": "detect_secrets.filters.heuristic.is_not_alphanumeric_string"
    },
    {
      "path": "detect_secrets.filters.heuristic.is_potential_uuid"
    },
    {
      "path": "detect_secrets.filters.heuristic.is_prefixed_with_dollar_sign"
    },
    {
      "path": "detect_secrets.filters.heuristic.is_sequential_string"
    },
    {
      "path": "detect_secrets.filters.heuristic.is_swagger_file"
    },
    {
      "path": "detect_secrets.filters.heuristic.is_templated_secret"
    }
  ],
  "results": {
    "forge-ui/src/lib/keyBackup.test.ts": [
      {
        "type": "Hex High Entropy String",
        "filename": "forge-ui/src/lib/keyBackup.test.ts",
        "hashed_secret": "63f8223ed6d563a082bd56e64d6f63bd350b781c",
        "is_verified": false,
        "line_number": 14
      }
    ],
    "forge-ui/src/lib/nip49.test.ts": [
      {
        "type": "Base64 High Entropy String",
        "filename": "forge-ui/src/lib/nip49.test.ts",
        "hashed_secret": "8e8dc1662e3f3e2f97215800982a5377dc465c0b",
        "is_verified": false,
        "line_number": 13
      },
      {
        "type": "Hex High Entropy String",
        "filename": "forge-ui/src/lib/nip49.test.ts",
        "hashed_secret": "63f8223ed6d563a082bd56e64d6f63bd350b781c",
        "is_verified": false,
        "line_number": 15
      }
    ],
    "forge/security/csp.py": [
      {
        "type": "Base64 High Entropy String",
        "filename": "forge/security/csp.py",
        "hashed_secret": "80a06b493dc2402265b8bde713d81d36ce4d03cf",
        "is_verified": false,
        "line_number": 9
      },
      {
        "type": "Base64 High Entropy String",
        "filename": "forge/security/csp.py",
        "hashed_secret": "4ee8f365d21a35b042155624fe75c9ba2c9af819",
        "is_verified": false,
        "line_number": 11
      }
    ],
    "seiso/research/nostr/bech32.py": [
      {
        "type": "Base64 High Entropy String",
        "filename": "seiso/research/nostr/bech32.py",
        "hashed_secret": "9a96960baa4d8c0559cf89f72b5f3486736762e9",
        "is_verified": false,
        "line_number": 5
      }
    ],
    "tests/test_db_crypto.py": [
      {
        "type": "Secret Keyword",
        "filename": "tests/test_db_crypto.py",
        "hashed_secret": "13951588fd3325e25ed1e3b116d7009fb221c85e",
        "is_verified": false,
        "line_number": 36
      }
    ],
    "tests/test_dep_locks.py": [
      {
        "type": "Hex High Entropy String",
        "filename": "tests/test_dep_locks.py",
        "hashed_secret": "ed83a2d9a1e9d0d8f9b9742128d8aa4ca068903b",
        "is_verified": false,
        "line_number": 76
      }
    ],
    "tests/test_distill_rl.py": [
      {
        "type": "Secret Keyword",
        "filename": "tests/test_distill_rl.py",
        "hashed_secret": "df46dd9b18c3c879df00822e239672ab7fccb4af",
        "is_verified": false,
        "line_number": 105
      }
    ],
    "tests/test_hardening_p1.py": [
      {
        "type": "Hex High Entropy String",
        "filename": "tests/test_hardening_p1.py",
        "hashed_secret": "71e6451ec62776057a355cba708a135319c6b000",
        "is_verified": false,
        "line_number": 34
      }
    ],
    "tests/test_inference_owner_binding.py": [
      {
        "type": "Secret Keyword",
        "filename": "tests/test_inference_owner_binding.py",
        "hashed_secret": "48d26ab9b8e1d31f84d23668f2099b7f566d8ae3",
        "is_verified": false,
        "line_number": 101
      }
    ],
    "tests/test_managed_multigpu.py": [
      {
        "type": "Secret Keyword",
        "filename": "tests/test_managed_multigpu.py",
        "hashed_secret": "e9a5f12a8ecbb3eb46eca5096b5c52aa5e7c9fdd",
        "is_verified": false,
        "line_number": 76
      },
      {
        "type": "Secret Keyword",
        "filename": "tests/test_managed_multigpu.py",
        "hashed_secret": "766a6e8998aefe2117d62c2d48411e43161ffa11",
        "is_verified": false,
        "line_number": 132
      }
    ],
    "tests/test_memory_protection.py": [
      {
        "type": "Hex High Entropy String",
        "filename": "tests/test_memory_protection.py",
        "hashed_secret": "524112d17982a6b10b0ec0ed99cd8c7ad0a44639",
        "is_verified": false,
        "line_number": 37
      }
    ],
    "tests/test_mesh_coordinator.py": [
      {
        "type": "Hex High Entropy String",
        "filename": "tests/test_mesh_coordinator.py",
        "hashed_secret": "323b5f30fd46dcaeeb6aed6df873b62cf585861f",
        "is_verified": false,
        "line_number": 320
      }
    ],
    "tests/test_nip49.py": [
      {
        "type": "Base64 High Entropy String",
        "filename": "tests/test_nip49.py",
        "hashed_secret": "341b57ef8aa89ab3516ba7c8867c326707222002",
        "is_verified": false,
        "line_number": 14
      },
      {
        "type": "Base64 High Entropy String",
        "filename": "tests/test_nip49.py",
        "hashed_secret": "dce93a01314158e60604ac7057bc6c62a64c2987",
        "is_verified": false,
        "line_number": 15
      },
      {
        "type": "Secret Keyword",
        "filename": "tests/test_nip49.py",
        "hashed_secret": "8be44c05dd14ca4c90c3bc8147fc6bedba6041c2",
        "is_verified": false,
        "line_number": 17
      },
      {
        "type": "Hex High Entropy String",
        "filename": "tests/test_nip49.py",
        "hashed_secret": "63f8223ed6d563a082bd56e64d6f63bd350b781c",
        "is_verified": false,
        "line_number": 18
      },
      {
        "type": "Secret Keyword",
        "filename": "tests/test_nip49.py",
        "hashed_secret": "63f8223ed6d563a082bd56e64d6f63bd350b781c",
        "is_verified": false,
        "line_number": 18
      }
    ],
    "tests/test_nostr_auth.py": [
      {
        "type": "Secret Keyword",
        "filename": "tests/test_nostr_auth.py",
        "hashed_secret": "0b00bec50ee99d66956c2f8227108b73aa8bf9f5",
        "is_verified": false,
        "line_number": 114
      }
    ],
    "tests/test_nostr_policy_relays.py": [
      {
        "type": "Basic Auth Credentials",
        "filename": "tests/test_nostr_policy_relays.py",
        "hashed_secret": "9d4e1e23bd5b727046a9e3b4b7db57bd8d6ee684",
        "is_verified": false,
        "line_number": 30
      }
    ],
    "tests/test_nostr_provenance.py": [
      {
        "type": "Hex High Entropy String",
        "filename": "tests/test_nostr_provenance.py",
        "hashed_secret": "a6bd0a3ad636211901f4d216f36f325283d65a18",
        "is_verified": false,
        "line_number": 37
      },
      {
        "type": "Hex High Entropy String",
        "filename": "tests/test_nostr_provenance.py",
        "hashed_secret": "2b07f6e78e52bdfd8952e2f10f5e267540bae9da",
        "is_verified": false,
        "line_number": 44
      },
      {
        "type": "Hex High Entropy String",
        "filename": "tests/test_nostr_provenance.py",
        "hashed_secret": "bbf8cd81026ecb81a97670e5dbc736dddea9a9ec",
        "is_verified": false,
        "line_number": 49
      },
      {
        "type": "Hex High Entropy String",
        "filename": "tests/test_nostr_provenance.py",
        "hashed_secret": "92b806e0697c3b562057b3704095e06f8f50f813",
        "is_verified": false,
        "line_number": 50
      },
      {
        "type": "Hex High Entropy String",
        "filename": "tests/test_nostr_provenance.py",
        "hashed_secret": "c2fd5f465e6e72ce6982194f2b0c8e59656e5f71",
        "is_verified": false,
        "line_number": 80
      },
      {
        "type": "Base64 High Entropy String",
        "filename": "tests/test_nostr_provenance.py",
        "hashed_secret": "440c7676cea33dbea41af190a41586ea2dabddd7",
        "is_verified": false,
        "line_number": 81
      },
      {
        "type": "Hex High Entropy String",
        "filename": "tests/test_nostr_provenance.py",
        "hashed_secret": "a3a915322e57d7627af193b6634c1000c4139165",
        "is_verified": false,
        "line_number": 85
      },
      {
        "type": "Base64 High Entropy String",
        "filename": "tests/test_nostr_provenance.py",
        "hashed_secret": "2f65f0633f33f1ee52d9578a9d0452ed9dc26d6e",
        "is_verified": false,
        "line_number": 86
      },
      {
        "type": "Hex High Entropy String",
        "filename": "tests/test_nostr_provenance.py",
        "hashed_secret": "d6c9997bfcfbf5b9cd46b9eae7dd6c6350467bc8",
        "is_verified": false,
        "line_number": 90
      },
      {
        "type": "Basic Auth Credentials",
        "filename": "tests/test_nostr_provenance.py",
        "hashed_secret": "e5e9fa1ba31ecd1ae84f75caaa474f3a663f05f4",
        "is_verified": false,
        "line_number": 323
      }
    ],
    "tests/test_providers.py": [
      {
        "type": "Secret Keyword",
        "filename": "tests/test_providers.py",
        "hashed_secret": "e9a5f12a8ecbb3eb46eca5096b5c52aa5e7c9fdd",
        "is_verified": false,
        "line_number": 55
      }
    ],
    "tests/test_url_policy.py": [
      {
        "type": "Basic Auth Credentials",
        "filename": "tests/test_url_policy.py",
        "hashed_secret": "9d4e1e23bd5b727046a9e3b4b7db57bd8d6ee684",
        "is_verified": false,
        "line_number": 95
      }
    ]
  },
  "generated_at": "2026-08-06T04:19:31Z"
}
